
> so7ob-web@1.0.0 test:e2e
> playwright test

[WebServer] (node:117689) Warning: The 'NO_COLOR' env is ignored due to the 'FORCE_COLOR' env being set.
[WebServer] (Use `node --trace-warnings ...` to show where the warning was created)
[WebServer] (node:117828) Warning: The 'NO_COLOR' env is ignored due to the 'FORCE_COLOR' env being set.
[WebServer] (Use `node --trace-warnings ...` to show where the warning was created)

Running 22 tests using 1 worker

(node:117858) Warning: The 'NO_COLOR' env is ignored due to the 'FORCE_COLOR' env being set.
(Use `node --trace-warnings ...` to show where the warning was created)
  ✓   1 [desktop] › tests/e2e/auth-public.spec.ts:7:3 › ar: SSR, direct reload, language and authentication navigation (2.5s)
  ✓   2 [desktop] › tests/e2e/auth-public.spec.ts:22:3 › ar: login uses the server session and logout clears the local draft (2.0s)
  ✓   3 [desktop] › tests/e2e/auth-public.spec.ts:7:3 › en: SSR, direct reload, language and authentication navigation (2.4s)
  ✓   4 [desktop] › tests/e2e/auth-public.spec.ts:22:3 › en: login uses the server session and logout clears the local draft (2.4s)
  ✓   5 [desktop] › tests/e2e/auth-public.spec.ts:31:1 › registration and one-use verification use the encrypted outbox; no development link in production (2.0s)
  ✓   6 [desktop] › tests/e2e/auth-public.spec.ts:46:1 › 404 retains its actual HTTP status and published HTML carries SEO (1.1s)
  ✓   7 [desktop] › tests/e2e/auth-public.spec.ts:51:1 › forgot/reset forms preserve one-use tokens and reject a mismatched confirmation (2.8s)
  ✓   8 [desktop] › tests/e2e/publication.spec.ts:6:1 › publication updates HTML and SEO immediately; redirects and page authorization survive direct requests (1.6s)
  ✓   9 [desktop] › tests/e2e/submissions.spec.ts:9:1 › the original public request form validates, preserves its draft and confirms a real persisted submission (5.2s)
  ✓  10 [desktop] › tests/e2e/submissions.spec.ts:76:1 › legacy and v1 account contracts enforce ownership, CSRF and field projection (986ms)
  ✓  11 [desktop] › tests/e2e/submissions.spec.ts:161:1 › conversation endpoints reject cross-account access, hide staff notes and serialize repeated replies (1.4s)
(node:118108) Warning: The 'NO_COLOR' env is ignored due to the 'FORCE_COLOR' env being set.
(Use `node --trace-warnings ...` to show where the warning was created)
  ✓  12 [mobile] › tests/e2e/auth-public.spec.ts:7:3 › ar: SSR, direct reload, language and authentication navigation (2.1s)
  ✓  13 [mobile] › tests/e2e/auth-public.spec.ts:22:3 › ar: login uses the server session and logout clears the local draft (1.6s)
  ✓  14 [mobile] › tests/e2e/auth-public.spec.ts:7:3 › en: SSR, direct reload, language and authentication navigation (2.1s)
  ✓  15 [mobile] › tests/e2e/auth-public.spec.ts:22:3 › en: login uses the server session and logout clears the local draft (1.5s)
  ✓  16 [mobile] › tests/e2e/auth-public.spec.ts:31:1 › registration and one-use verification use the encrypted outbox; no development link in production (1.7s)
  ✓  17 [mobile] › tests/e2e/auth-public.spec.ts:46:1 › 404 retains its actual HTTP status and published HTML carries SEO (849ms)
  ✓  18 [mobile] › tests/e2e/auth-public.spec.ts:51:1 › forgot/reset forms preserve one-use tokens and reject a mismatched confirmation (2.8s)
  ✓  19 [mobile] › tests/e2e/publication.spec.ts:6:1 › publication updates HTML and SEO immediately; redirects and page authorization survive direct requests (1.5s)
  ✓  20 [mobile] › tests/e2e/submissions.spec.ts:9:1 › the original public request form validates, preserves its draft and confirms a real persisted submission (4.8s)
  ✓  21 [mobile] › tests/e2e/submissions.spec.ts:76:1 › legacy and v1 account contracts enforce ownership, CSRF and field projection (945ms)
  ✓  22 [mobile] › tests/e2e/submissions.spec.ts:161:1 › conversation endpoints reject cross-account access, hide staff notes and serialize repeated replies (1.4s)

  22 passed (51.7s)
