
> so7ob-web@1.0.0 test:e2e
> playwright test

[WebServer] (node:368804) Warning: The 'NO_COLOR' env is ignored due to the 'FORCE_COLOR' env being set.
[WebServer] (Use `node --trace-warnings ...` to show where the warning was created)
[WebServer] (node:368813) Warning: The 'NO_COLOR' env is ignored due to the 'FORCE_COLOR' env being set.
[WebServer] (Use `node --trace-warnings ...` to show where the warning was created)

Running 96 tests using 1 worker

(node:368828) Warning: The 'NO_COLOR' env is ignored due to the 'FORCE_COLOR' env being set.
(Use `node --trace-warnings ...` to show where the warning was created)
  ✓   1 [desktop] › tests/e2e/account-portal.spec.ts:102:3 › ar: client portal preserves drafts, conversations, files, claims, profile and session controls (22.9s)
  ✓   2 [desktop] › tests/e2e/account-portal.spec.ts:102:3 › en: client portal preserves drafts, conversations, files, claims, profile and session controls (21.3s)
  ✓   3 [desktop] › tests/e2e/account-portal.spec.ts:392:1 › profile language save navigates and reloads the protected screen in both directions (1.7s)
  ✓   4 [desktop] › tests/e2e/admin-hydration.spec.ts:7:3 › ar: administrative SSR labels survive a different browser clock and timezone (1.6s)
  ✓   5 [desktop] › tests/e2e/admin-hydration.spec.ts:7:3 › en: administrative SSR labels survive a different browser clock and timezone (1.5s)
  ✓   6 [desktop] › tests/e2e/admin-navigation.spec.ts:28:3 › administrator routes, full editor and immediate published HTML (ar) (14.6s)
  ✓   7 [desktop] › tests/e2e/admin-navigation.spec.ts:28:3 › administrator routes, full editor and immediate published HTML (en) (14.5s)
  ✓   8 [desktop] › tests/e2e/admin-navigation.spec.ts:222:1 › administrative screens and APIs preserve server authorization and reject unsafe mutations (1.3s)
  ✓   9 [desktop] › tests/e2e/admin-users.spec.ts:24:1 › administration legacy and v1 contracts preserve projections, filters and separate operation permissions (997ms)
  ✓  10 [desktop] › tests/e2e/admin-users.spec.ts:129:1 › invitation HTTP admission counts malformed input and delivers a single-use encrypted proof (647ms)
  ✓  11 [desktop] › tests/e2e/auth-public.spec.ts:7:3 › ar: SSR, direct reload, language and authentication navigation (1.4s)
  ✓  12 [desktop] › tests/e2e/auth-public.spec.ts:22:3 › ar: login uses the server session and logout clears the local draft (1.5s)
  ✓  13 [desktop] › tests/e2e/auth-public.spec.ts:7:3 › en: SSR, direct reload, language and authentication navigation (1.4s)
  ✓  14 [desktop] › tests/e2e/auth-public.spec.ts:22:3 › en: login uses the server session and logout clears the local draft (1.3s)
  ✓  15 [desktop] › tests/e2e/auth-public.spec.ts:31:1 › registration and one-use verification use the encrypted outbox; no development link in production (1.1s)
  ✓  16 [desktop] › tests/e2e/auth-public.spec.ts:46:1 › 404 retains its actual HTTP status and published HTML carries SEO (647ms)
  ✓  17 [desktop] › tests/e2e/auth-public.spec.ts:51:1 › forgot/reset forms preserve one-use tokens and reject a mismatched confirmation (1.6s)
  ✓  18 [desktop] › tests/e2e/cms-publication.spec.ts:10:1 › revision publication keeps draft settings private and immediately updates HTML, redirects and scheduling contracts (491ms)
  ✓  19 [desktop] › tests/e2e/content-tree.spec.ts:6:44 › ar: published v1 tree renders SSR, responsive styles and keyboard links without draft leakage (1.1s)
  ✓  20 [desktop] › tests/e2e/content-tree.spec.ts:6:44 › en: published v1 tree renders SSR, responsive styles and keyboard links without draft leakage (1.1s)
  ✓  21 [desktop] › tests/e2e/editor-operations.spec.ts:6:42 › ar: inline editing, keyboard sorting, clipboard, duplicate, delete and history persist (4.2s)
  ✓  22 [desktop] › tests/e2e/editor-operations.spec.ts:6:42 › en: inline editing, keyboard sorting, clipboard, duplicate, delete and history persist (4.2s)
  ✓  23 [desktop] › tests/e2e/editor-operations.spec.ts:54:1 › editor interaction test validates the actual form without submitting or replacing a real local draft (4.7s)
  ✓  24 [desktop] › tests/e2e/editor-operations.spec.ts:76:1 › publication drains edits made while its save request is in flight (2.2s)
  ✓  25 [desktop] › tests/e2e/files-claims.spec.ts:48:1 › multipart uploads retain bytes, legacy errors and server file authorization (2.3s)
  ✓  26 [desktop] › tests/e2e/files-claims.spec.ts:203:1 › claim HTTP contracts bind the original email proof and charge malformed attempts before parsing (981ms)
  ✓  27 [desktop] › tests/e2e/login-hydration.spec.ts:7:3 › ar: delayed login hydration retains first keyboard credentials and reloadable session (2.2s)
  ✓  28 [desktop] › tests/e2e/login-hydration.spec.ts:52:3 › ar: rejected credentials use the pinned source message without account disclosure (572ms)
  ✓  29 [desktop] › tests/e2e/login-hydration.spec.ts:7:3 › en: delayed login hydration retains first keyboard credentials and reloadable session (2.2s)
  ✓  30 [desktop] › tests/e2e/login-hydration.spec.ts:52:3 › en: rejected credentials use the pinned source message without account disclosure (643ms)
  ✓  31 [desktop] › tests/e2e/profile-hydration.spec.ts:3:1 › profile editing waits for hydration and persists the first edit with a delayed real route chunk (1.2s)
  ✓  32 [desktop] › tests/e2e/public-visibility.spec.ts:7:7 › public hero with motion preference reduce › ar: public heading and illustration become visibly opaque after hydration (1.1s)
  ✓  33 [desktop] › tests/e2e/public-visibility.spec.ts:7:7 › public hero with motion preference reduce › en: public heading and illustration become visibly opaque after hydration (1.1s)
  ✓  34 [desktop] › tests/e2e/public-visibility.spec.ts:7:7 › public hero with motion preference no-preference › ar: public heading and illustration become visibly opaque after hydration (1.7s)
  ✓  35 [desktop] › tests/e2e/public-visibility.spec.ts:7:7 › public hero with motion preference no-preference › en: public heading and illustration become visibly opaque after hydration (1.8s)
  ✓  36 [desktop] › tests/e2e/publication.spec.ts:6:1 › publication updates HTML and SEO immediately; redirects and page authorization survive direct requests (1.2s)
  ✓  37 [desktop] › tests/e2e/submissions.spec.ts:11:1 › the original public request form validates, preserves its draft and confirms a real persisted submission (4.9s)
  ✓  38 [desktop] › tests/e2e/submissions.spec.ts:85:1 › legacy and v1 account contracts enforce ownership, CSRF and field projection (743ms)
  ✓  39 [desktop] › tests/e2e/submissions.spec.ts:170:1 › conversation endpoints reject cross-account access, hide staff notes and serialize repeated replies (986ms)
  ✓  40 [desktop] › tests/e2e/templates.spec.ts:10:1 › templates preserve legacy/v1 contracts, revision conflicts, private drafts, publication and restore (1.1s)
  ✓  41 [desktop] › tests/e2e/templates.spec.ts:77:1 › template bodies authenticate before parsing and enforce byte/node limits above ordinary JSON size (582ms)
  ✓  42 [desktop] › tests/e2e/tracking.spec.ts:8:42 › ar: guest tracking exchanges a private capability, replies and observes revocation (1.5s)
  ✓  43 [desktop] › tests/e2e/tracking.spec.ts:8:42 › en: guest tracking exchanges a private capability, replies and observes revocation (1.6s)
  ✓  44 [desktop] › tests/e2e/tracking.spec.ts:44:1 › tracking exchange counts malformed bodies and rejects cross-origin attempts (162ms)
  ✓  45 [desktop] › tests/e2e/tracking.spec.ts:53:42 › ar: staff renews and revokes through the tracking panel (2.0s)
  ✓  46 [desktop] › tests/e2e/tracking.spec.ts:53:42 › en: staff renews and revokes through the tracking panel (1.9s)
  ✓  47 [desktop] › tests/e2e/tree-editor.spec.ts:7:44 › ar: tree editor templates, scheduling, revision conflict and accessibility (7.2s)
  ✓  48 [desktop] › tests/e2e/tree-editor.spec.ts:7:44 › en: tree editor templates, scheduling, revision conflict and accessibility (7.5s)
(node:373297) Warning: The 'NO_COLOR' env is ignored due to the 'FORCE_COLOR' env being set.
(Use `node --trace-warnings ...` to show where the warning was created)
  ✓  49 [mobile] › tests/e2e/account-portal.spec.ts:102:3 › ar: client portal preserves drafts, conversations, files, claims, profile and session controls (21.0s)
  ✓  50 [mobile] › tests/e2e/account-portal.spec.ts:102:3 › en: client portal preserves drafts, conversations, files, claims, profile and session controls (21.0s)
  ✓  51 [mobile] › tests/e2e/account-portal.spec.ts:392:1 › profile language save navigates and reloads the protected screen in both directions (1.6s)
  ✓  52 [mobile] › tests/e2e/admin-hydration.spec.ts:7:3 › ar: administrative SSR labels survive a different browser clock and timezone (1.4s)
  ✓  53 [mobile] › tests/e2e/admin-hydration.spec.ts:7:3 › en: administrative SSR labels survive a different browser clock and timezone (1.4s)
  ✓  54 [mobile] › tests/e2e/admin-navigation.spec.ts:28:3 › administrator routes, full editor and immediate published HTML (ar) (14.2s)
  ✓  55 [mobile] › tests/e2e/admin-navigation.spec.ts:28:3 › administrator routes, full editor and immediate published HTML (en) (14.3s)
  ✓  56 [mobile] › tests/e2e/admin-navigation.spec.ts:222:1 › administrative screens and APIs preserve server authorization and reject unsafe mutations (1.2s)
  ✓  57 [mobile] › tests/e2e/admin-users.spec.ts:24:1 › administration legacy and v1 contracts preserve projections, filters and separate operation permissions (987ms)
  ✓  58 [mobile] › tests/e2e/admin-users.spec.ts:129:1 › invitation HTTP admission counts malformed input and delivers a single-use encrypted proof (633ms)
  ✓  59 [mobile] › tests/e2e/auth-public.spec.ts:7:3 › ar: SSR, direct reload, language and authentication navigation (1.3s)
  ✓  60 [mobile] › tests/e2e/auth-public.spec.ts:22:3 › ar: login uses the server session and logout clears the local draft (1.3s)
  ✓  61 [mobile] › tests/e2e/auth-public.spec.ts:7:3 › en: SSR, direct reload, language and authentication navigation (1.4s)
  ✓  62 [mobile] › tests/e2e/auth-public.spec.ts:22:3 › en: login uses the server session and logout clears the local draft (1.3s)
  ✓  63 [mobile] › tests/e2e/auth-public.spec.ts:31:1 › registration and one-use verification use the encrypted outbox; no development link in production (1.0s)
  ✓  64 [mobile] › tests/e2e/auth-public.spec.ts:46:1 › 404 retains its actual HTTP status and published HTML carries SEO (615ms)
  ✓  65 [mobile] › tests/e2e/auth-public.spec.ts:51:1 › forgot/reset forms preserve one-use tokens and reject a mismatched confirmation (1.5s)
  ✓  66 [mobile] › tests/e2e/cms-publication.spec.ts:10:1 › revision publication keeps draft settings private and immediately updates HTML, redirects and scheduling contracts (492ms)
  ✓  67 [mobile] › tests/e2e/content-tree.spec.ts:6:44 › ar: published v1 tree renders SSR, responsive styles and keyboard links without draft leakage (1.0s)
  ✓  68 [mobile] › tests/e2e/content-tree.spec.ts:6:44 › en: published v1 tree renders SSR, responsive styles and keyboard links without draft leakage (1.0s)
  ✓  69 [mobile] › tests/e2e/editor-operations.spec.ts:6:42 › ar: inline editing, keyboard sorting, clipboard, duplicate, delete and history persist (4.5s)
  ✓  70 [mobile] › tests/e2e/editor-operations.spec.ts:6:42 › en: inline editing, keyboard sorting, clipboard, duplicate, delete and history persist (4.4s)
  ✓  71 [mobile] › tests/e2e/editor-operations.spec.ts:54:1 › editor interaction test validates the actual form without submitting or replacing a real local draft (4.6s)
  ✓  72 [mobile] › tests/e2e/editor-operations.spec.ts:76:1 › publication drains edits made while its save request is in flight (2.3s)
  ✓  73 [mobile] › tests/e2e/files-claims.spec.ts:48:1 › multipart uploads retain bytes, legacy errors and server file authorization (2.2s)
  ✓  74 [mobile] › tests/e2e/files-claims.spec.ts:203:1 › claim HTTP contracts bind the original email proof and charge malformed attempts before parsing (966ms)
  ✓  75 [mobile] › tests/e2e/login-hydration.spec.ts:7:3 › ar: delayed login hydration retains first keyboard credentials and reloadable session (2.1s)
  ✓  76 [mobile] › tests/e2e/login-hydration.spec.ts:52:3 › ar: rejected credentials use the pinned source message without account disclosure (472ms)
  ✓  77 [mobile] › tests/e2e/login-hydration.spec.ts:7:3 › en: delayed login hydration retains first keyboard credentials and reloadable session (2.1s)
  ✓  78 [mobile] › tests/e2e/login-hydration.spec.ts:52:3 › en: rejected credentials use the pinned source message without account disclosure (496ms)
  ✓  79 [mobile] › tests/e2e/profile-hydration.spec.ts:3:1 › profile editing waits for hydration and persists the first edit with a delayed real route chunk (1.2s)
  ✓  80 [mobile] › tests/e2e/public-visibility.spec.ts:7:7 › public hero with motion preference reduce › ar: public heading and illustration become visibly opaque after hydration (1.1s)
  ✓  81 [mobile] › tests/e2e/public-visibility.spec.ts:7:7 › public hero with motion preference reduce › en: public heading and illustration become visibly opaque after hydration (1.0s)
  ✓  82 [mobile] › tests/e2e/public-visibility.spec.ts:7:7 › public hero with motion preference no-preference › ar: public heading and illustration become visibly opaque after hydration (1.6s)
  ✓  83 [mobile] › tests/e2e/public-visibility.spec.ts:7:7 › public hero with motion preference no-preference › en: public heading and illustration become visibly opaque after hydration (1.6s)
  ✓  84 [mobile] › tests/e2e/publication.spec.ts:6:1 › publication updates HTML and SEO immediately; redirects and page authorization survive direct requests (1.1s)
  ✓  85 [mobile] › tests/e2e/submissions.spec.ts:11:1 › the original public request form validates, preserves its draft and confirms a real persisted submission (4.6s)
  ✓  86 [mobile] › tests/e2e/submissions.spec.ts:85:1 › legacy and v1 account contracts enforce ownership, CSRF and field projection (684ms)
  ✓  87 [mobile] › tests/e2e/submissions.spec.ts:170:1 › conversation endpoints reject cross-account access, hide staff notes and serialize repeated replies (977ms)
  ✓  88 [mobile] › tests/e2e/templates.spec.ts:10:1 › templates preserve legacy/v1 contracts, revision conflicts, private drafts, publication and restore (1.0s)
  ✓  89 [mobile] › tests/e2e/templates.spec.ts:77:1 › template bodies authenticate before parsing and enforce byte/node limits above ordinary JSON size (526ms)
  ✓  90 [mobile] › tests/e2e/tracking.spec.ts:8:42 › ar: guest tracking exchanges a private capability, replies and observes revocation (1.4s)
  ✓  91 [mobile] › tests/e2e/tracking.spec.ts:8:42 › en: guest tracking exchanges a private capability, replies and observes revocation (1.4s)
  ✓  92 [mobile] › tests/e2e/tracking.spec.ts:44:1 › tracking exchange counts malformed bodies and rejects cross-origin attempts (139ms)
  ✓  93 [mobile] › tests/e2e/tracking.spec.ts:53:42 › ar: staff renews and revokes through the tracking panel (2.7s)
  ✓  94 [mobile] › tests/e2e/tracking.spec.ts:53:42 › en: staff renews and revokes through the tracking panel (2.8s)
  ✓  95 [mobile] › tests/e2e/tree-editor.spec.ts:7:44 › ar: tree editor templates, scheduling, revision conflict and accessibility (6.3s)
  ✓  96 [mobile] › tests/e2e/tree-editor.spec.ts:7:44 › en: tree editor templates, scheduling, revision conflict and accessibility (6.3s)

  96 passed (5.3m)
