
> so7ob-web@1.0.0 test:e2e
> playwright test

[WebServer] (node:11736) Warning: The 'NO_COLOR' env is ignored due to the 'FORCE_COLOR' env being set.
[WebServer] (Use `node --trace-warnings ...` to show where the warning was created)
[WebServer] (node:11745) Warning: The 'NO_COLOR' env is ignored due to the 'FORCE_COLOR' env being set.
[WebServer] (Use `node --trace-warnings ...` to show where the warning was created)

Running 96 tests using 1 worker

(node:11905) Warning: The 'NO_COLOR' env is ignored due to the 'FORCE_COLOR' env being set.
(Use `node --trace-warnings ...` to show where the warning was created)
  ✓   1 [desktop] › tests/e2e/account-portal.spec.ts:102:3 › ar: client portal preserves drafts, conversations, files, claims, profile and session controls (22.1s)
  ✓   2 [desktop] › tests/e2e/account-portal.spec.ts:102:3 › en: client portal preserves drafts, conversations, files, claims, profile and session controls (22.9s)
  ✓   3 [desktop] › tests/e2e/account-portal.spec.ts:392:1 › profile language save navigates and reloads the protected screen in both directions (2.0s)
  ✓   4 [desktop] › tests/e2e/admin-hydration.spec.ts:7:3 › ar: administrative SSR labels survive a different browser clock and timezone (1.6s)
  ✓   5 [desktop] › tests/e2e/admin-hydration.spec.ts:7:3 › en: administrative SSR labels survive a different browser clock and timezone (1.6s)
  ✓   6 [desktop] › tests/e2e/admin-navigation.spec.ts:28:3 › administrator routes, full editor and immediate published HTML (ar) (16.0s)
  ✓   7 [desktop] › tests/e2e/admin-navigation.spec.ts:28:3 › administrator routes, full editor and immediate published HTML (en) (15.2s)
  ✓   8 [desktop] › tests/e2e/admin-navigation.spec.ts:222:1 › administrative screens and APIs preserve server authorization and reject unsafe mutations (1.2s)
  ✓   9 [desktop] › tests/e2e/admin-users.spec.ts:24:1 › administration legacy and v1 contracts preserve projections, filters and separate operation permissions (1.0s)
  ✓  10 [desktop] › tests/e2e/admin-users.spec.ts:129:1 › invitation HTTP admission counts malformed input and delivers a single-use encrypted proof (671ms)
  ✓  11 [desktop] › tests/e2e/auth-public.spec.ts:7:3 › ar: SSR, direct reload, language and authentication navigation (1.6s)
  ✓  12 [desktop] › tests/e2e/auth-public.spec.ts:22:3 › ar: login uses the server session and logout clears the local draft (1.7s)
  ✓  13 [desktop] › tests/e2e/auth-public.spec.ts:7:3 › en: SSR, direct reload, language and authentication navigation (1.7s)
  ✓  14 [desktop] › tests/e2e/auth-public.spec.ts:22:3 › en: login uses the server session and logout clears the local draft (1.5s)
  ✓  15 [desktop] › tests/e2e/auth-public.spec.ts:31:1 › registration and one-use verification use the encrypted outbox; no development link in production (1.3s)
  ✓  16 [desktop] › tests/e2e/auth-public.spec.ts:46:1 › 404 retains its actual HTTP status and published HTML carries SEO (702ms)
  ✓  17 [desktop] › tests/e2e/auth-public.spec.ts:51:1 › forgot/reset forms preserve one-use tokens and reject a mismatched confirmation (2.2s)
  ✓  18 [desktop] › tests/e2e/cms-publication.spec.ts:10:1 › revision publication keeps draft settings private and immediately updates HTML, redirects and scheduling contracts (505ms)
  ✓  19 [desktop] › tests/e2e/content-tree.spec.ts:6:44 › ar: published v1 tree renders SSR, responsive styles and keyboard links without draft leakage (1.2s)
  ✓  20 [desktop] › tests/e2e/content-tree.spec.ts:6:44 › en: published v1 tree renders SSR, responsive styles and keyboard links without draft leakage (1.1s)
  ✓  21 [desktop] › tests/e2e/editor-operations.spec.ts:6:42 › ar: inline editing, keyboard sorting, clipboard, duplicate, delete and history persist (4.6s)
  ✓  22 [desktop] › tests/e2e/editor-operations.spec.ts:6:42 › en: inline editing, keyboard sorting, clipboard, duplicate, delete and history persist (4.8s)
  ✓  23 [desktop] › tests/e2e/editor-operations.spec.ts:54:1 › editor interaction test validates the actual form without submitting or replacing a real local draft (5.2s)
  ✓  24 [desktop] › tests/e2e/editor-operations.spec.ts:76:1 › publication drains edits made while its save request is in flight (2.6s)
  ✓  25 [desktop] › tests/e2e/files-claims.spec.ts:48:1 › multipart uploads retain bytes, legacy errors and server file authorization (2.3s)
  ✓  26 [desktop] › tests/e2e/files-claims.spec.ts:203:1 › claim HTTP contracts bind the original email proof and charge malformed attempts before parsing (1.1s)
  ✓  27 [desktop] › tests/e2e/login-hydration.spec.ts:7:3 › ar: delayed login hydration retains first keyboard credentials and reloadable session (2.4s)
  ✓  28 [desktop] › tests/e2e/login-hydration.spec.ts:52:3 › ar: rejected credentials use the pinned source message without account disclosure (569ms)
  ✓  29 [desktop] › tests/e2e/login-hydration.spec.ts:7:3 › en: delayed login hydration retains first keyboard credentials and reloadable session (2.3s)
  ✓  30 [desktop] › tests/e2e/login-hydration.spec.ts:52:3 › en: rejected credentials use the pinned source message without account disclosure (741ms)
  ✓  31 [desktop] › tests/e2e/profile-hydration.spec.ts:3:1 › profile editing waits for hydration and persists the first edit with a delayed real route chunk (2.0s)
  ✘  32 [desktop] › tests/e2e/public-visibility.spec.ts:7:7 › public hero with motion preference reduce › ar: public heading and illustration become visibly opaque after hydration (0ms)
  -  33 [desktop] › tests/e2e/public-visibility.spec.ts:7:7 › public hero with motion preference reduce › en: public heading and illustration become visibly opaque after hydration
  -  34 [desktop] › tests/e2e/public-visibility.spec.ts:7:7 › public hero with motion preference no-preference › ar: public heading and illustration become visibly opaque after hydration
  -  35 [desktop] › tests/e2e/public-visibility.spec.ts:7:7 › public hero with motion preference no-preference › en: public heading and illustration become visibly opaque after hydration
node:internal/modules/cjs/loader:1568
  throw err;
  ^

Error: Cannot find module '/root/So7ob/web/node_modules/playwright/lib/worker/workerProcessEntry.js'
    at Module._resolveFilename (node:internal/modules/cjs/loader:1564:15)
    at wrapResolveFilename (node:internal/modules/cjs/loader:1118:27)
    at defaultResolveImplForCJSLoading (node:internal/modules/cjs/loader:1142:10)
    at resolveForCJSWithHooks (node:internal/modules/cjs/loader:1169:12)
    at Module._load (node:internal/modules/cjs/loader:1341:5)
    at wrapModuleLoad (node:internal/modules/cjs/loader:261:19)
    at Module.executeUserEntryPoint [as runMain] (node:internal/modules/run_main:154:5)
    at node:internal/main/run_main_module:33:47 {
  code: 'MODULE_NOT_FOUND',
  requireStack: []
}

Node.js v24.21.0
  ✘  36 [desktop] › tests/e2e/publication.spec.ts:6:1 › publication updates HTML and SEO immediately; redirects and page authorization survive direct requests (0ms)
  ✘  37 [desktop] › tests/e2e/submissions.spec.ts:11:1 › the original public request form validates, preserves its draft and confirms a real persisted submission (0ms)
  -  38 [desktop] › tests/e2e/submissions.spec.ts:85:1 › legacy and v1 account contracts enforce ownership, CSRF and field projection
  -  39 [desktop] › tests/e2e/submissions.spec.ts:170:1 › conversation endpoints reject cross-account access, hide staff notes and serialize repeated replies
node:internal/modules/cjs/loader:1568
  throw err;
  ^

Error: Cannot find module '/root/So7ob/web/node_modules/playwright/lib/worker/workerProcessEntry.js'
    at Module._resolveFilename (node:internal/modules/cjs/loader:1564:15)
    at wrapResolveFilename (node:internal/modules/cjs/loader:1118:27)
    at defaultResolveImplForCJSLoading (node:internal/modules/cjs/loader:1142:10)
    at resolveForCJSWithHooks (node:internal/modules/cjs/loader:1169:12)
    at Module._load (node:internal/modules/cjs/loader:1341:5)
    at wrapModuleLoad (node:internal/modules/cjs/loader:261:19)
    at Module.executeUserEntryPoint [as runMain] (node:internal/modules/run_main:154:5)
    at node:internal/main/run_main_module:33:47 {
  code: 'MODULE_NOT_FOUND',
  requireStack: []
}

Node.js v24.21.0
  ✘  40 [desktop] › tests/e2e/templates.spec.ts:10:1 › templates preserve legacy/v1 contracts, revision conflicts, private drafts, publication and restore (0ms)
  -  41 [desktop] › tests/e2e/templates.spec.ts:77:1 › template bodies authenticate before parsing and enforce byte/node limits above ordinary JSON size
  ✘  42 [desktop] › tests/e2e/tracking.spec.ts:8:42 › ar: guest tracking exchanges a private capability, replies and observes revocation (0ms)
  -  43 [desktop] › tests/e2e/tracking.spec.ts:8:42 › en: guest tracking exchanges a private capability, replies and observes revocation
  -  44 [desktop] › tests/e2e/tracking.spec.ts:44:1 › tracking exchange counts malformed bodies and rejects cross-origin attempts
  -  45 [desktop] › tests/e2e/tracking.spec.ts:53:42 › ar: staff renews and revokes through the tracking panel
  -  46 [desktop] › tests/e2e/tracking.spec.ts:53:42 › en: staff renews and revokes through the tracking panel
node:internal/modules/cjs/loader:1568
  throw err;
  ^

Error: Cannot find module '/root/So7ob/web/node_modules/playwright/lib/worker/workerProcessEntry.js'
    at Module._resolveFilename (node:internal/modules/cjs/loader:1564:15)
    at wrapResolveFilename (node:internal/modules/cjs/loader:1118:27)
    at defaultResolveImplForCJSLoading (node:internal/modules/cjs/loader:1142:10)
    at resolveForCJSWithHooks (node:internal/modules/cjs/loader:1169:12)
    at Module._load (node:internal/modules/cjs/loader:1341:5)
    at wrapModuleLoad (node:internal/modules/cjs/loader:261:19)
    at Module.executeUserEntryPoint [as runMain] (node:internal/modules/run_main:154:5)
    at node:internal/main/run_main_module:33:47 {
  code: 'MODULE_NOT_FOUND',
  requireStack: []
}

Node.js v24.21.0
  ✘  47 [desktop] › tests/e2e/tree-editor.spec.ts:7:44 › ar: tree editor templates, scheduling, revision conflict and accessibility (0ms)
  -  48 [desktop] › tests/e2e/tree-editor.spec.ts:7:44 › en: tree editor templates, scheduling, revision conflict and accessibility
node:internal/modules/cjs/loader:1568
  throw err;
  ^

Error: Cannot find module '/root/So7ob/web/node_modules/playwright/lib/worker/workerProcessEntry.js'
    at Module._resolveFilename (node:internal/modules/cjs/loader:1564:15)
    at wrapResolveFilename (node:internal/modules/cjs/loader:1118:27)
    at defaultResolveImplForCJSLoading (node:internal/modules/cjs/loader:1142:10)
    at resolveForCJSWithHooks (node:internal/modules/cjs/loader:1169:12)
    at Module._load (node:internal/modules/cjs/loader:1341:5)
    at wrapModuleLoad (node:internal/modules/cjs/loader:261:19)
    at Module.executeUserEntryPoint [as runMain] (node:internal/modules/run_main:154:5)
    at node:internal/main/run_main_module:33:47 {
  code: 'MODULE_NOT_FOUND',
  requireStack: []
}

Node.js v24.21.0
  ✘  49 [mobile] › tests/e2e/account-portal.spec.ts:102:3 › ar: client portal preserves drafts, conversations, files, claims, profile and session controls (0ms)
  -  50 [mobile] › tests/e2e/account-portal.spec.ts:102:3 › en: client portal preserves drafts, conversations, files, claims, profile and session controls
  -  51 [mobile] › tests/e2e/account-portal.spec.ts:392:1 › profile language save navigates and reloads the protected screen in both directions
  ✘  52 [mobile] › tests/e2e/admin-hydration.spec.ts:7:3 › ar: administrative SSR labels survive a different browser clock and timezone (0ms)
  -  53 [mobile] › tests/e2e/admin-hydration.spec.ts:7:3 › en: administrative SSR labels survive a different browser clock and timezone
node:internal/modules/cjs/loader:1568
  throw err;
  ^

Error: Cannot find module '/root/So7ob/web/node_modules/playwright/lib/worker/workerProcessEntry.js'
    at Module._resolveFilename (node:internal/modules/cjs/loader:1564:15)
    at wrapResolveFilename (node:internal/modules/cjs/loader:1118:27)
    at defaultResolveImplForCJSLoading (node:internal/modules/cjs/loader:1142:10)
    at resolveForCJSWithHooks (node:internal/modules/cjs/loader:1169:12)
    at Module._load (node:internal/modules/cjs/loader:1341:5)
    at wrapModuleLoad (node:internal/modules/cjs/loader:261:19)
    at Module.executeUserEntryPoint [as runMain] (node:internal/modules/run_main:154:5)
    at node:internal/main/run_main_module:33:47 {
  code: 'MODULE_NOT_FOUND',
  requireStack: []
}

Node.js v24.21.0
  ✘  54 [mobile] › tests/e2e/admin-navigation.spec.ts:28:3 › administrator routes, full editor and immediate published HTML (ar) (0ms)
  -  55 [mobile] › tests/e2e/admin-navigation.spec.ts:28:3 › administrator routes, full editor and immediate published HTML (en)
  -  56 [mobile] › tests/e2e/admin-navigation.spec.ts:222:1 › administrative screens and APIs preserve server authorization and reject unsafe mutations
  ✘  57 [mobile] › tests/e2e/admin-users.spec.ts:24:1 › administration legacy and v1 contracts preserve projections, filters and separate operation permissions (0ms)
  -  58 [mobile] › tests/e2e/admin-users.spec.ts:129:1 › invitation HTTP admission counts malformed input and delivers a single-use encrypted proof
node:internal/modules/cjs/loader:1568
  throw err;
  ^

Error: Cannot find module '/root/So7ob/web/node_modules/playwright/lib/worker/workerProcessEntry.js'
    at Module._resolveFilename (node:internal/modules/cjs/loader:1564:15)
    at wrapResolveFilename (node:internal/modules/cjs/loader:1118:27)
    at defaultResolveImplForCJSLoading (node:internal/modules/cjs/loader:1142:10)
    at resolveForCJSWithHooks (node:internal/modules/cjs/loader:1169:12)
    at Module._load (node:internal/modules/cjs/loader:1341:5)
    at wrapModuleLoad (node:internal/modules/cjs/loader:261:19)
    at Module.executeUserEntryPoint [as runMain] (node:internal/modules/run_main:154:5)
    at node:internal/main/run_main_module:33:47 {
  code: 'MODULE_NOT_FOUND',
  requireStack: []
}

Node.js v24.21.0
  ✘  59 [mobile] › tests/e2e/auth-public.spec.ts:7:3 › ar: SSR, direct reload, language and authentication navigation (0ms)
  -  60 [mobile] › tests/e2e/auth-public.spec.ts:22:3 › ar: login uses the server session and logout clears the local draft
  -  61 [mobile] › tests/e2e/auth-public.spec.ts:7:3 › en: SSR, direct reload, language and authentication navigation
  -  62 [mobile] › tests/e2e/auth-public.spec.ts:22:3 › en: login uses the server session and logout clears the local draft
  -  63 [mobile] › tests/e2e/auth-public.spec.ts:31:1 › registration and one-use verification use the encrypted outbox; no development link in production
  -  64 [mobile] › tests/e2e/auth-public.spec.ts:46:1 › 404 retains its actual HTTP status and published HTML carries SEO
  -  65 [mobile] › tests/e2e/auth-public.spec.ts:51:1 › forgot/reset forms preserve one-use tokens and reject a mismatched confirmation
  ✘  66 [mobile] › tests/e2e/cms-publication.spec.ts:10:1 › revision publication keeps draft settings private and immediately updates HTML, redirects and scheduling contracts (0ms)
node:internal/modules/cjs/loader:1568
  throw err;
  ^

Error: Cannot find module '/root/So7ob/web/node_modules/playwright/lib/worker/workerProcessEntry.js'
    at Module._resolveFilename (node:internal/modules/cjs/loader:1564:15)
    at wrapResolveFilename (node:internal/modules/cjs/loader:1118:27)
    at defaultResolveImplForCJSLoading (node:internal/modules/cjs/loader:1142:10)
    at resolveForCJSWithHooks (node:internal/modules/cjs/loader:1169:12)
    at Module._load (node:internal/modules/cjs/loader:1341:5)
    at wrapModuleLoad (node:internal/modules/cjs/loader:261:19)
    at Module.executeUserEntryPoint [as runMain] (node:internal/modules/run_main:154:5)
    at node:internal/main/run_main_module:33:47 {
  code: 'MODULE_NOT_FOUND',
  requireStack: []
}

Node.js v24.21.0
  ✘  67 [mobile] › tests/e2e/content-tree.spec.ts:6:44 › ar: published v1 tree renders SSR, responsive styles and keyboard links without draft leakage (0ms)
  -  68 [mobile] › tests/e2e/content-tree.spec.ts:6:44 › en: published v1 tree renders SSR, responsive styles and keyboard links without draft leakage
  ✘  69 [mobile] › tests/e2e/editor-operations.spec.ts:6:42 › ar: inline editing, keyboard sorting, clipboard, duplicate, delete and history persist (0ms)
  -  70 [mobile] › tests/e2e/editor-operations.spec.ts:6:42 › en: inline editing, keyboard sorting, clipboard, duplicate, delete and history persist
  -  71 [mobile] › tests/e2e/editor-operations.spec.ts:54:1 › editor interaction test validates the actual form without submitting or replacing a real local draft
  -  72 [mobile] › tests/e2e/editor-operations.spec.ts:76:1 › publication drains edits made while its save request is in flight
node:internal/modules/cjs/loader:1568
  throw err;
  ^

Error: Cannot find module '/root/So7ob/web/node_modules/playwright/lib/worker/workerProcessEntry.js'
    at Module._resolveFilename (node:internal/modules/cjs/loader:1564:15)
    at wrapResolveFilename (node:internal/modules/cjs/loader:1118:27)
    at defaultResolveImplForCJSLoading (node:internal/modules/cjs/loader:1142:10)
    at resolveForCJSWithHooks (node:internal/modules/cjs/loader:1169:12)
    at Module._load (node:internal/modules/cjs/loader:1341:5)
    at wrapModuleLoad (node:internal/modules/cjs/loader:261:19)
    at Module.executeUserEntryPoint [as runMain] (node:internal/modules/run_main:154:5)
    at node:internal/main/run_main_module:33:47 {
  code: 'MODULE_NOT_FOUND',
  requireStack: []
}

Node.js v24.21.0
  ✘  73 [mobile] › tests/e2e/files-claims.spec.ts:48:1 › multipart uploads retain bytes, legacy errors and server file authorization (0ms)
  -  74 [mobile] › tests/e2e/files-claims.spec.ts:203:1 › claim HTTP contracts bind the original email proof and charge malformed attempts before parsing
  ✘  75 [mobile] › tests/e2e/login-hydration.spec.ts:7:3 › ar: delayed login hydration retains first keyboard credentials and reloadable session (0ms)
  -  76 [mobile] › tests/e2e/login-hydration.spec.ts:52:3 › ar: rejected credentials use the pinned source message without account disclosure
  -  77 [mobile] › tests/e2e/login-hydration.spec.ts:7:3 › en: delayed login hydration retains first keyboard credentials and reloadable session
  -  78 [mobile] › tests/e2e/login-hydration.spec.ts:52:3 › en: rejected credentials use the pinned source message without account disclosure
node:internal/modules/cjs/loader:1568
  throw err;
  ^

Error: Cannot find module '/root/So7ob/web/node_modules/playwright/lib/worker/workerProcessEntry.js'
    at Module._resolveFilename (node:internal/modules/cjs/loader:1564:15)
    at wrapResolveFilename (node:internal/modules/cjs/loader:1118:27)
    at defaultResolveImplForCJSLoading (node:internal/modules/cjs/loader:1142:10)
    at resolveForCJSWithHooks (node:internal/modules/cjs/loader:1169:12)
    at Module._load (node:internal/modules/cjs/loader:1341:5)
    at wrapModuleLoad (node:internal/modules/cjs/loader:261:19)
    at Module.executeUserEntryPoint [as runMain] (node:internal/modules/run_main:154:5)
    at node:internal/main/run_main_module:33:47 {
  code: 'MODULE_NOT_FOUND',
  requireStack: []
}

Node.js v24.21.0
  ✘  79 [mobile] › tests/e2e/profile-hydration.spec.ts:3:1 › profile editing waits for hydration and persists the first edit with a delayed real route chunk (0ms)
  ✘  80 [mobile] › tests/e2e/public-visibility.spec.ts:7:7 › public hero with motion preference reduce › ar: public heading and illustration become visibly opaque after hydration (0ms)
  -  81 [mobile] › tests/e2e/public-visibility.spec.ts:7:7 › public hero with motion preference reduce › en: public heading and illustration become visibly opaque after hydration
  -  82 [mobile] › tests/e2e/public-visibility.spec.ts:7:7 › public hero with motion preference no-preference › ar: public heading and illustration become visibly opaque after hydration
  -  83 [mobile] › tests/e2e/public-visibility.spec.ts:7:7 › public hero with motion preference no-preference › en: public heading and illustration become visibly opaque after hydration
node:internal/modules/cjs/loader:1568
  throw err;
  ^

Error: Cannot find module '/root/So7ob/web/node_modules/playwright/lib/worker/workerProcessEntry.js'
    at Module._resolveFilename (node:internal/modules/cjs/loader:1564:15)
    at wrapResolveFilename (node:internal/modules/cjs/loader:1118:27)
    at defaultResolveImplForCJSLoading (node:internal/modules/cjs/loader:1142:10)
    at resolveForCJSWithHooks (node:internal/modules/cjs/loader:1169:12)
    at Module._load (node:internal/modules/cjs/loader:1341:5)
    at wrapModuleLoad (node:internal/modules/cjs/loader:261:19)
    at Module.executeUserEntryPoint [as runMain] (node:internal/modules/run_main:154:5)
    at node:internal/main/run_main_module:33:47 {
  code: 'MODULE_NOT_FOUND',
  requireStack: []
}

Node.js v24.21.0
  ✘  84 [mobile] › tests/e2e/publication.spec.ts:6:1 › publication updates HTML and SEO immediately; redirects and page authorization survive direct requests (0ms)
  ✘  85 [mobile] › tests/e2e/submissions.spec.ts:11:1 › the original public request form validates, preserves its draft and confirms a real persisted submission (0ms)
  -  86 [mobile] › tests/e2e/submissions.spec.ts:85:1 › legacy and v1 account contracts enforce ownership, CSRF and field projection
  -  87 [mobile] › tests/e2e/submissions.spec.ts:170:1 › conversation endpoints reject cross-account access, hide staff notes and serialize repeated replies
node:internal/modules/cjs/loader:1568
  throw err;
  ^

Error: Cannot find module '/root/So7ob/web/node_modules/playwright/lib/worker/workerProcessEntry.js'
    at Module._resolveFilename (node:internal/modules/cjs/loader:1564:15)
    at wrapResolveFilename (node:internal/modules/cjs/loader:1118:27)
    at defaultResolveImplForCJSLoading (node:internal/modules/cjs/loader:1142:10)
    at resolveForCJSWithHooks (node:internal/modules/cjs/loader:1169:12)
    at Module._load (node:internal/modules/cjs/loader:1341:5)
    at wrapModuleLoad (node:internal/modules/cjs/loader:261:19)
    at Module.executeUserEntryPoint [as runMain] (node:internal/modules/run_main:154:5)
    at node:internal/main/run_main_module:33:47 {
  code: 'MODULE_NOT_FOUND',
  requireStack: []
}

Node.js v24.21.0
  ✘  88 [mobile] › tests/e2e/templates.spec.ts:10:1 › templates preserve legacy/v1 contracts, revision conflicts, private drafts, publication and restore (0ms)
  -  89 [mobile] › tests/e2e/templates.spec.ts:77:1 › template bodies authenticate before parsing and enforce byte/node limits above ordinary JSON size
  ✘  90 [mobile] › tests/e2e/tracking.spec.ts:8:42 › ar: guest tracking exchanges a private capability, replies and observes revocation (0ms)
  -  91 [mobile] › tests/e2e/tracking.spec.ts:8:42 › en: guest tracking exchanges a private capability, replies and observes revocation
  -  92 [mobile] › tests/e2e/tracking.spec.ts:44:1 › tracking exchange counts malformed bodies and rejects cross-origin attempts
  -  93 [mobile] › tests/e2e/tracking.spec.ts:53:42 › ar: staff renews and revokes through the tracking panel
  -  94 [mobile] › tests/e2e/tracking.spec.ts:53:42 › en: staff renews and revokes through the tracking panel
node:internal/modules/cjs/loader:1568
  throw err;
  ^

Error: Cannot find module '/root/So7ob/web/node_modules/playwright/lib/worker/workerProcessEntry.js'
    at Module._resolveFilename (node:internal/modules/cjs/loader:1564:15)
    at wrapResolveFilename (node:internal/modules/cjs/loader:1118:27)
    at defaultResolveImplForCJSLoading (node:internal/modules/cjs/loader:1142:10)
    at resolveForCJSWithHooks (node:internal/modules/cjs/loader:1169:12)
    at Module._load (node:internal/modules/cjs/loader:1341:5)
    at wrapModuleLoad (node:internal/modules/cjs/loader:261:19)
    at Module.executeUserEntryPoint [as runMain] (node:internal/modules/run_main:154:5)
    at node:internal/main/run_main_module:33:47 {
  code: 'MODULE_NOT_FOUND',
  requireStack: []
}

Node.js v24.21.0
  ✘  95 [mobile] › tests/e2e/tree-editor.spec.ts:7:44 › ar: tree editor templates, scheduling, revision conflict and accessibility (0ms)
  -  96 [mobile] › tests/e2e/tree-editor.spec.ts:7:44 › en: tree editor templates, scheduling, revision conflict and accessibility


  1) [desktop] › tests/e2e/public-visibility.spec.ts:7:7 › public hero with motion preference reduce › ar: public heading and illustration become visibly opaque after hydration

    Error: Cannot find package '@playwright/test' imported from /root/So7ob/web/tests/e2e/public-visibility.spec.ts
        at eval (<anonymous>:1:1)

  2) [desktop] › tests/e2e/publication.spec.ts:6:1 › publication updates HTML and SEO immediately; redirects and page authorization survive direct requests

    Error: worker process exited unexpectedly (code=1, signal=null)

  3) [desktop] › tests/e2e/submissions.spec.ts:11:1 › the original public request form validates, preserves its draft and confirms a real persisted submission

    Error: worker process exited unexpectedly (code=1, signal=null)

  4) [desktop] › tests/e2e/templates.spec.ts:10:1 › templates preserve legacy/v1 contracts, revision conflicts, private drafts, publication and restore

    Error: worker process exited unexpectedly (code=1, signal=null)

  5) [desktop] › tests/e2e/tracking.spec.ts:8:42 › ar: guest tracking exchanges a private capability, replies and observes revocation

    Error: worker process exited unexpectedly (code=1, signal=null)

  6) [desktop] › tests/e2e/tree-editor.spec.ts:7:44 › ar: tree editor templates, scheduling, revision conflict and accessibility

    Error: worker process exited unexpectedly (code=1, signal=null)

  7) [mobile] › tests/e2e/account-portal.spec.ts:102:3 › ar: client portal preserves drafts, conversations, files, claims, profile and session controls

    Error: worker process exited unexpectedly (code=1, signal=null)

  8) [mobile] › tests/e2e/admin-hydration.spec.ts:7:3 › ar: administrative SSR labels survive a different browser clock and timezone

    Error: worker process exited unexpectedly (code=1, signal=null)

  9) [mobile] › tests/e2e/admin-navigation.spec.ts:28:3 › administrator routes, full editor and immediate published HTML (ar)

    Error: worker process exited unexpectedly (code=1, signal=null)

  10) [mobile] › tests/e2e/admin-users.spec.ts:24:1 › administration legacy and v1 contracts preserve projections, filters and separate operation permissions

    Error: worker process exited unexpectedly (code=1, signal=null)

  11) [mobile] › tests/e2e/auth-public.spec.ts:7:3 › ar: SSR, direct reload, language and authentication navigation

    Error: worker process exited unexpectedly (code=1, signal=null)

  12) [mobile] › tests/e2e/cms-publication.spec.ts:10:1 › revision publication keeps draft settings private and immediately updates HTML, redirects and scheduling contracts

    Error: worker process exited unexpectedly (code=1, signal=null)

  13) [mobile] › tests/e2e/content-tree.spec.ts:6:44 › ar: published v1 tree renders SSR, responsive styles and keyboard links without draft leakage

    Error: worker process exited unexpectedly (code=1, signal=null)

  14) [mobile] › tests/e2e/editor-operations.spec.ts:6:42 › ar: inline editing, keyboard sorting, clipboard, duplicate, delete and history persist

    Error: worker process exited unexpectedly (code=1, signal=null)

  15) [mobile] › tests/e2e/files-claims.spec.ts:48:1 › multipart uploads retain bytes, legacy errors and server file authorization

    Error: worker process exited unexpectedly (code=1, signal=null)

  16) [mobile] › tests/e2e/login-hydration.spec.ts:7:3 › ar: delayed login hydration retains first keyboard credentials and reloadable session

    Error: worker process exited unexpectedly (code=1, signal=null)

  17) [mobile] › tests/e2e/profile-hydration.spec.ts:3:1 › profile editing waits for hydration and persists the first edit with a delayed real route chunk

    Error: worker process exited unexpectedly (code=1, signal=null)

  18) [mobile] › tests/e2e/public-visibility.spec.ts:7:7 › public hero with motion preference reduce › ar: public heading and illustration become visibly opaque after hydration

    Error: worker process exited unexpectedly (code=1, signal=null)

  19) [mobile] › tests/e2e/publication.spec.ts:6:1 › publication updates HTML and SEO immediately; redirects and page authorization survive direct requests

    Error: worker process exited unexpectedly (code=1, signal=null)

  20) [mobile] › tests/e2e/submissions.spec.ts:11:1 › the original public request form validates, preserves its draft and confirms a real persisted submission

    Error: worker process exited unexpectedly (code=1, signal=null)

  21) [mobile] › tests/e2e/templates.spec.ts:10:1 › templates preserve legacy/v1 contracts, revision conflicts, private drafts, publication and restore

    Error: worker process exited unexpectedly (code=1, signal=null)

  22) [mobile] › tests/e2e/tracking.spec.ts:8:42 › ar: guest tracking exchanges a private capability, replies and observes revocation

    Error: worker process exited unexpectedly (code=1, signal=null)

  23) [mobile] › tests/e2e/tree-editor.spec.ts:7:44 › ar: tree editor templates, scheduling, revision conflict and accessibility

    Error: worker process exited unexpectedly (code=1, signal=null)

  23 failed
    [desktop] › tests/e2e/public-visibility.spec.ts:7:7 › public hero with motion preference reduce › ar: public heading and illustration become visibly opaque after hydration
    [desktop] › tests/e2e/publication.spec.ts:6:1 › publication updates HTML and SEO immediately; redirects and page authorization survive direct requests
    [desktop] › tests/e2e/submissions.spec.ts:11:1 › the original public request form validates, preserves its draft and confirms a real persisted submission
    [desktop] › tests/e2e/templates.spec.ts:10:1 › templates preserve legacy/v1 contracts, revision conflicts, private drafts, publication and restore
    [desktop] › tests/e2e/tracking.spec.ts:8:42 › ar: guest tracking exchanges a private capability, replies and observes revocation
    [desktop] › tests/e2e/tree-editor.spec.ts:7:44 › ar: tree editor templates, scheduling, revision conflict and accessibility
    [mobile] › tests/e2e/account-portal.spec.ts:102:3 › ar: client portal preserves drafts, conversations, files, claims, profile and session controls
    [mobile] › tests/e2e/admin-hydration.spec.ts:7:3 › ar: administrative SSR labels survive a different browser clock and timezone
    [mobile] › tests/e2e/admin-navigation.spec.ts:28:3 › administrator routes, full editor and immediate published HTML (ar)
    [mobile] › tests/e2e/admin-users.spec.ts:24:1 › administration legacy and v1 contracts preserve projections, filters and separate operation permissions
    [mobile] › tests/e2e/auth-public.spec.ts:7:3 › ar: SSR, direct reload, language and authentication navigation
    [mobile] › tests/e2e/cms-publication.spec.ts:10:1 › revision publication keeps draft settings private and immediately updates HTML, redirects and scheduling contracts
    [mobile] › tests/e2e/content-tree.spec.ts:6:44 › ar: published v1 tree renders SSR, responsive styles and keyboard links without draft leakage
    [mobile] › tests/e2e/editor-operations.spec.ts:6:42 › ar: inline editing, keyboard sorting, clipboard, duplicate, delete and history persist
    [mobile] › tests/e2e/files-claims.spec.ts:48:1 › multipart uploads retain bytes, legacy errors and server file authorization
    [mobile] › tests/e2e/login-hydration.spec.ts:7:3 › ar: delayed login hydration retains first keyboard credentials and reloadable session
    [mobile] › tests/e2e/profile-hydration.spec.ts:3:1 › profile editing waits for hydration and persists the first edit with a delayed real route chunk
    [mobile] › tests/e2e/public-visibility.spec.ts:7:7 › public hero with motion preference reduce › ar: public heading and illustration become visibly opaque after hydration
    [mobile] › tests/e2e/publication.spec.ts:6:1 › publication updates HTML and SEO immediately; redirects and page authorization survive direct requests
    [mobile] › tests/e2e/submissions.spec.ts:11:1 › the original public request form validates, preserves its draft and confirms a real persisted submission
    [mobile] › tests/e2e/templates.spec.ts:10:1 › templates preserve legacy/v1 contracts, revision conflicts, private drafts, publication and restore
    [mobile] › tests/e2e/tracking.spec.ts:8:42 › ar: guest tracking exchanges a private capability, replies and observes revocation
    [mobile] › tests/e2e/tree-editor.spec.ts:7:44 › ar: tree editor templates, scheduling, revision conflict and accessibility
  42 did not run
  31 passed (2.4m)
