
> so7ob-web@1.0.0 test
> vitest run --config vitest.workspaces.config.ts


 RUN  v5.0.3 /root/So7ob/web

 ❯ packages/server/src/auth/development-admin.integration.test.ts (2 tests | 2 skipped) 39ms
 ❯ packages/server/src/admin/users.integration.test.ts (13 tests | 13 skipped) 15ms
 ❯ packages/server/src/track/service.integration.test.ts (13 tests | 13 skipped) 32ms
 ❯ packages/server/src/migration/transfer.integration.test.ts (18 tests | 18 skipped) 22ms
 ❯ packages/server/src/files/files.integration.test.ts (8 tests | 8 skipped) 42ms
 ❯ packages/server/src/admin/pages.integration.test.ts (10 tests | 10 skipped) 36ms
 ❯ packages/server/src/database/schema.integration.test.ts (7 tests | 7 skipped) 10ms
 ❯ packages/server/src/business/portal.integration.test.ts (4 tests | 4 skipped) 8ms
 ❯ packages/server/src/admin/templates.integration.test.ts (10 tests | 10 skipped) 10ms
 ❯ packages/server/src/auth/auth.integration.test.ts (10 tests | 10 skipped) 8ms
 ❯ packages/server/src/queue/mail-queue.integration.test.ts (8 tests | 8 skipped) 8ms
 ❯ packages/server/src/admin/publication.integration.test.ts (10 tests | 10 skipped) 9ms
 ❯ packages/server/src/queue/webhook.integration.test.ts (6 tests | 6 skipped) 8ms
 ❯ packages/server/src/admin/operations.integration.test.ts (10 tests | 10 skipped) 9ms
 ❯ packages/server/src/business/submissions.integration.test.ts (12 tests | 12 skipped) 21ms
 ❯ packages/server/src/auth/claims.integration.test.ts (6 tests | 6 skipped) 11ms

⎯⎯⎯⎯⎯⎯ Failed Suites 17 ⎯⎯⎯⎯⎯⎯

 FAIL  packages/server/src/admin/operations.integration.test.ts [ packages/server/src/admin/operations.integration.test.ts ]
 FAIL  packages/server/src/admin/pages.integration.test.ts [ packages/server/src/admin/pages.integration.test.ts ]
 FAIL  packages/server/src/admin/publication.integration.test.ts [ packages/server/src/admin/publication.integration.test.ts ]
 FAIL  packages/server/src/admin/templates.integration.test.ts [ packages/server/src/admin/templates.integration.test.ts ]
 FAIL  packages/server/src/admin/users.integration.test.ts [ packages/server/src/admin/users.integration.test.ts ]
 FAIL  packages/server/src/auth/auth.integration.test.ts [ packages/server/src/auth/auth.integration.test.ts ]
 FAIL  packages/server/src/auth/claims.integration.test.ts [ packages/server/src/auth/claims.integration.test.ts ]
 FAIL  packages/server/src/auth/development-admin.integration.test.ts [ packages/server/src/auth/development-admin.integration.test.ts ]
 FAIL  packages/server/src/business/portal.integration.test.ts [ packages/server/src/business/portal.integration.test.ts ]
 FAIL  packages/server/src/business/submissions.integration.test.ts [ packages/server/src/business/submissions.integration.test.ts ]
 FAIL  packages/server/src/database/schema.integration.test.ts [ packages/server/src/database/schema.integration.test.ts ]
 FAIL  packages/server/src/files/files.integration.test.ts [ packages/server/src/files/files.integration.test.ts ]
 FAIL  packages/server/src/migration/transfer.integration.test.ts > source schema version 1
 FAIL  packages/server/src/migration/transfer.integration.test.ts > source schema version 2
 FAIL  packages/server/src/queue/mail-queue.integration.test.ts [ packages/server/src/queue/mail-queue.integration.test.ts ]
 FAIL  packages/server/src/queue/webhook.integration.test.ts [ packages/server/src/queue/webhook.integration.test.ts ]
 FAIL  packages/server/src/track/service.integration.test.ts [ packages/server/src/track/service.integration.test.ts ]
Error: connect ECONNREFUSED 127.0.0.1:3307
⎯⎯⎯⎯⎯⎯⎯⎯⎯⎯⎯⎯⎯⎯⎯⎯⎯⎯⎯⎯⎯⎯⎯[1/17]⎯


 Test Files  16 failed | 18 passed (34)
      Tests  192 passed | 147 skipped (339)
   Start at  22:17:15
   Duration  23.30s (import 62%, setup 17%, transform 11%, tests 5%, environment 4%, worker 1%)

     Import  123 modules were evaluated 653 times · 11.52s total, 62% of tracked time
             ~9.35s faster with isolate: false — shared modules are evaluated once per worker instead of once per file
             learn more: https://vitest.dev/guide/improving-performance#test-isolation
