
> so7ob-web@1.0.0 test:e2e
> playwright test

[WebServer] (node:81100) Warning: The 'NO_COLOR' env is ignored due to the 'FORCE_COLOR' env being set.
[WebServer] (Use `node --trace-warnings ...` to show where the warning was created)
[WebServer] (node:81223) Warning: The 'NO_COLOR' env is ignored due to the 'FORCE_COLOR' env being set.
[WebServer] (Use `node --trace-warnings ...` to show where the warning was created)

Running 16 tests using 1 worker

(node:81366) Warning: The 'NO_COLOR' env is ignored due to the 'FORCE_COLOR' env being set.
(Use `node --trace-warnings ...` to show where the warning was created)
  ✓   1 [desktop] › tests/e2e/auth-public.spec.ts:7:3 › ar: SSR, direct reload, language and authentication navigation (2.0s)
  ✓   2 [desktop] › tests/e2e/auth-public.spec.ts:22:3 › ar: login uses the server session and logout clears the local draft (1.6s)
  ✓   3 [desktop] › tests/e2e/auth-public.spec.ts:7:3 › en: SSR, direct reload, language and authentication navigation (1.8s)
  ✓   4 [desktop] › tests/e2e/auth-public.spec.ts:22:3 › en: login uses the server session and logout clears the local draft (1.4s)
  ✓   5 [desktop] › tests/e2e/auth-public.spec.ts:31:1 › registration and one-use verification use the encrypted outbox; no development link in production (1.2s)
  ✓   6 [desktop] › tests/e2e/auth-public.spec.ts:46:1 › 404 retains its actual HTTP status and published HTML carries SEO (644ms)
  ✓   7 [desktop] › tests/e2e/auth-public.spec.ts:51:1 › forgot/reset forms preserve one-use tokens and reject a mismatched confirmation (2.2s)
  ✓   8 [desktop] › tests/e2e/publication.spec.ts:6:1 › publication updates HTML and SEO immediately; redirects and page authorization survive direct requests (1.1s)
(node:81589) Warning: The 'NO_COLOR' env is ignored due to the 'FORCE_COLOR' env being set.
(Use `node --trace-warnings ...` to show where the warning was created)
  ✓   9 [mobile] › tests/e2e/auth-public.spec.ts:7:3 › ar: SSR, direct reload, language and authentication navigation (1.6s)
  ✓  10 [mobile] › tests/e2e/auth-public.spec.ts:22:3 › ar: login uses the server session and logout clears the local draft (1.2s)
  ✓  11 [mobile] › tests/e2e/auth-public.spec.ts:7:3 › en: SSR, direct reload, language and authentication navigation (1.3s)
  ✓  12 [mobile] › tests/e2e/auth-public.spec.ts:22:3 › en: login uses the server session and logout clears the local draft (2.0s)
  ✓  13 [mobile] › tests/e2e/auth-public.spec.ts:31:1 › registration and one-use verification use the encrypted outbox; no development link in production (1.5s)
  ✓  14 [mobile] › tests/e2e/auth-public.spec.ts:46:1 › 404 retains its actual HTTP status and published HTML carries SEO (634ms)
  ✓  15 [mobile] › tests/e2e/auth-public.spec.ts:51:1 › forgot/reset forms preserve one-use tokens and reject a mismatched confirmation (2.4s)
  ✓  16 [mobile] › tests/e2e/publication.spec.ts:6:1 › publication updates HTML and SEO immediately; redirects and page authorization survive direct requests (1.5s)

  16 passed (29.2s)
