> so7ob-web@1.0.0 build
> tsc -b packages/contracts packages/server apps/api apps/worker && npm run build -w @so7ob/web


> @so7ob/web@0.1.0 build
> vite build && vite build --ssr src/entry-server.tsx --outDir dist/server

vite v8.2.2 building client environment for production...
transforming...
✓ 3146 modules transformed.
rendering chunks...
computing gzip size...
dist/index.html                                                         1.78 kB │ gzip:  0.63 kB
dist/assets/ibm-plex-sans-arabic-latin-ext-700-normal-C7GcWn11.woff     5.08 kB
dist/assets/ibm-plex-sans-arabic-latin-ext-400-normal-BeVLg08x.woff     5.10 kB
dist/assets/ibm-plex-sans-arabic-latin-ext-500-normal-eJxPnL1P.woff     5.11 kB
dist/assets/ibm-plex-sans-arabic-latin-ext-600-normal-DT29Q8HW.woff     5.12 kB
dist/assets/ibm-plex-sans-vietnamese-400-normal-fK1oJ5dG.woff           6.39 kB
dist/assets/ibm-plex-sans-vietnamese-700-normal-BV5B8Are.woff           6.42 kB
dist/assets/ibm-plex-sans-arabic-latin-ext-500-normal-Ck_W4G78.woff2    6.54 kB
dist/assets/ibm-plex-sans-arabic-latin-ext-700-normal-BSbyEp0V.woff2    6.56 kB
dist/assets/ibm-plex-sans-vietnamese-600-normal-DgdngZtN.woff           6.58 kB
dist/assets/ibm-plex-sans-vietnamese-500-normal-BEb3_waV.woff           6.58 kB
dist/assets/ibm-plex-sans-arabic-latin-ext-400-normal-BpLfq-63.woff2    6.65 kB
dist/assets/ibm-plex-sans-arabic-latin-ext-600-normal-DjDAeNQD.woff2    6.68 kB
dist/assets/ibm-plex-sans-vietnamese-400-normal-DG4YqDda.woff2          8.20 kB
dist/assets/ibm-plex-sans-vietnamese-700-normal-CkEo6LDy.woff2          8.22 kB
dist/assets/ibm-plex-sans-vietnamese-500-normal-e4dixQRQ.woff2          8.41 kB
dist/assets/ibm-plex-sans-vietnamese-600-normal-DpPYBSTl.woff2          8.46 kB
dist/assets/ibm-plex-sans-greek-700-normal-CkZN0sRy.woff                8.74 kB
dist/assets/ibm-plex-sans-greek-400-normal-D9ESIMu3.woff                8.76 kB
dist/assets/ibm-plex-sans-greek-500-normal-CuWXN6rf.woff                9.14 kB
dist/assets/ibm-plex-sans-greek-600-normal-D-CqTdkO.woff                9.22 kB
dist/assets/ibm-plex-sans-greek-700-normal-wyJ6jzdA.woff2               9.92 kB
dist/assets/ibm-plex-sans-greek-400-normal-_efipK4i.woff2               9.94 kB
dist/assets/ibm-plex-sans-cyrillic-ext-700-normal-DCQwxkRk.woff        10.16 kB
dist/assets/ibm-plex-sans-cyrillic-ext-400-normal-Dsrv2Tcn.woff        10.28 kB
dist/assets/ibm-plex-sans-greek-600-normal-DzTrcv_p.woff2              10.36 kB
dist/assets/ibm-plex-sans-greek-500-normal-JMMifIXV.woff2              10.37 kB
dist/assets/ibm-plex-sans-cyrillic-ext-500-normal-DB5PtV2g.woff        10.59 kB
dist/assets/ibm-plex-sans-cyrillic-ext-600-normal-Bz0x94Yp.woff        10.61 kB
dist/assets/ibm-plex-sans-cyrillic-ext-700-normal-BmRLXWpJ.woff2       12.05 kB
dist/assets/ibm-plex-sans-cyrillic-ext-400-normal-g30qAdWV.woff2       12.14 kB
dist/assets/ibm-plex-sans-cyrillic-ext-600-normal-DUMzJB7m.woff2       12.30 kB
dist/assets/ibm-plex-sans-cyrillic-ext-500-normal-Cs5J6C77.woff2       12.30 kB
dist/assets/ibm-plex-sans-cyrillic-700-normal-RFb1v-CK.woff            13.32 kB
dist/assets/ibm-plex-sans-cyrillic-400-normal-BTotfTJu.woff            13.51 kB
dist/assets/ibm-plex-sans-cyrillic-500-normal-ByOcLdNv.woff            13.85 kB
dist/assets/ibm-plex-sans-cyrillic-600-normal-BGq0mW3O.woff            13.88 kB
dist/assets/ibm-plex-sans-latin-ext-400-normal-RBey6euL.woff           14.36 kB
dist/assets/ibm-plex-sans-latin-ext-700-normal-DZH6Xh-4.woff           14.42 kB
dist/assets/ibm-plex-sans-cyrillic-700-normal-D_uavGvn.woff2           14.57 kB
dist/assets/ibm-plex-sans-latin-ext-500-normal-D0aIdm-b.woff           14.73 kB
dist/assets/ibm-plex-sans-latin-ext-600-normal-DIrixKbi.woff           14.77 kB
dist/assets/ibm-plex-sans-cyrillic-400-normal-DZqxrq2p.woff2           14.80 kB
dist/assets/ibm-plex-sans-cyrillic-500-normal-CocWQlwt.woff2           15.00 kB
dist/assets/ibm-plex-sans-cyrillic-600-normal-71GNu3SW.woff2           15.04 kB
dist/assets/ibm-plex-sans-latin-ext-400-normal-C5H60-Va.woff2          15.98 kB
dist/assets/ibm-plex-sans-latin-ext-700-normal-aMgXseD4.woff2          16.18 kB
dist/assets/ibm-plex-sans-latin-ext-600-normal-DOrvGEcy.woff2          16.44 kB
dist/assets/ibm-plex-sans-latin-ext-500-normal-DakdToA3.woff2          16.45 kB
dist/assets/ibm-plex-sans-arabic-latin-400-normal-CFZh1unN.woff        17.51 kB
dist/assets/ibm-plex-sans-arabic-latin-700-normal-Cl4F7CZR.woff        17.78 kB
dist/assets/ibm-plex-sans-arabic-latin-500-normal-BletK1Hp.woff        18.64 kB
dist/assets/ibm-plex-sans-arabic-latin-600-normal-Dk5eISD_.woff        18.88 kB
dist/assets/ibm-plex-sans-arabic-latin-400-normal-Bo5KPYvw.woff2       19.16 kB
dist/assets/ibm-plex-sans-arabic-latin-700-normal-BzSf6GNr.woff2       19.50 kB
dist/assets/ibm-plex-sans-arabic-latin-500-normal-Cd6jVIg7.woff2       20.08 kB
dist/assets/ibm-plex-sans-arabic-latin-600-normal-KrqB56Mw.woff2       20.50 kB
dist/assets/ibm-plex-sans-latin-400-normal-CYLoc0-x.woff               22.10 kB
dist/assets/ibm-plex-sans-latin-700-normal-Bth3BMcD.woff               22.28 kB
dist/assets/ibm-plex-sans-latin-400-normal-CDDApCn2.woff2              22.58 kB
dist/assets/ibm-plex-sans-latin-700-normal-Bxkt5Cjx.woff2              22.83 kB
dist/assets/ibm-plex-sans-latin-600-normal-Cu4Hd6ag.woff               23.87 kB
dist/assets/ibm-plex-sans-latin-500-normal-BgVn5rGT.woff               23.91 kB
dist/assets/ibm-plex-sans-latin-500-normal-6ng42L7E.woff2              24.18 kB
dist/assets/ibm-plex-sans-latin-600-normal-CuJfVYMP.woff2              24.25 kB
dist/assets/ibm-plex-sans-arabic-arabic-400-normal-CyU-ddYS.woff2      42.84 kB
dist/assets/ibm-plex-sans-arabic-arabic-400-normal-EA1o-u_Q.woff       44.13 kB
dist/assets/ibm-plex-sans-arabic-arabic-700-normal-DrtBj6UE.woff2      44.28 kB
dist/assets/ibm-plex-sans-arabic-arabic-700-normal-9rXc6cUL.woff       44.36 kB
dist/.vite/manifest.json                                               44.82 kB │ gzip:  4.13 kB
dist/assets/ibm-plex-sans-arabic-arabic-500-normal-C4MQITzh.woff2      45.29 kB
dist/assets/ibm-plex-sans-arabic-arabic-600-normal-0pRdybE_.woff2      45.68 kB
dist/assets/ibm-plex-sans-arabic-arabic-600-normal-MJZ0liF5.woff       46.78 kB
dist/assets/ibm-plex-sans-arabic-arabic-500-normal-DPXcppbm.woff       46.92 kB
dist/assets/index-C-HsHWks.css                                        178.39 kB │ gzip: 34.80 kB
dist/assets/x-C-IuH2gB.js                                               0.18 kB │ gzip:  0.17 kB │ map:   0.81 kB
dist/assets/loader-circle-DiVMCvdg.js                                   0.18 kB │ gzip:  0.18 kB │ map:   0.81 kB
dist/assets/plus-Cx01E7Sm.js                                            0.18 kB │ gzip:  0.17 kB │ map:   0.83 kB
dist/assets/message-circle-DkFAa-DL.js                                  0.18 kB │ gzip:  0.18 kB │ map:   0.82 kB
dist/assets/circle-check-Dkr0dGm9.js                                    0.21 kB │ gzip:  0.19 kB │ map:   0.93 kB
dist/assets/menu-CMcrhZdU.js                                            0.22 kB │ gzip:  0.18 kB │ map:   0.93 kB
dist/assets/message-square-BotszxZg.js                                  0.22 kB │ gzip:  0.19 kB │ map:   0.86 kB
dist/assets/user-CyW4ZfBk.js                                            0.22 kB │ gzip:  0.20 kB │ map:   0.90 kB
dist/assets/info-OKmCGnRq.js                                            0.23 kB │ gzip:  0.21 kB │ map:   0.97 kB
dist/assets/chevron-down-CE9s0i8-.js                                    0.23 kB │ gzip:  0.20 kB │ map:   1.41 kB
dist/assets/chevron-right-BPrZqJIv.js                                   0.24 kB │ gzip:  0.20 kB │ map:   1.46 kB
dist/assets/data-D4mJWV1Y.js                                            0.25 kB │ gzip:  0.22 kB │ map:   0.77 kB
dist/assets/log-out-RSk8glr7.js                                         0.26 kB │ gzip:  0.22 kB │ map:   0.99 kB
dist/assets/globe-CCPLU4_E.js                                           0.27 kB │ gzip:  0.22 kB │ map:   1.02 kB
dist/assets/user-check-BKkTtcEi.js                                      0.28 kB │ gzip:  0.23 kB │ map:   1.05 kB
dist/assets/search-x-CeaJ41bC.js                                        0.29 kB │ gzip:  0.23 kB │ map:   1.11 kB
dist/assets/triangle-alert-DytlzR08.js                                  0.30 kB │ gzip:  0.24 kB │ map:   1.10 kB
dist/assets/arrow-right-BEMLW-DI.js                                     0.31 kB │ gzip:  0.24 kB │ map:   1.64 kB
dist/assets/inbox-DAhGr2Lj.js                                           0.31 kB │ gzip:  0.26 kB │ map:   1.01 kB
dist/assets/bell-BLe896LG.js                                            0.32 kB │ gzip:  0.26 kB │ map:   1.01 kB
dist/assets/message-circle-question-mark-CbBRDmX0.js                    0.32 kB │ gzip:  0.25 kB │ map:   1.15 kB
dist/assets/send-C6HNukXq.js                                            0.32 kB │ gzip:  0.26 kB │ map:   1.00 kB
dist/assets/file-plus-2-Bgw6RRRe.js                                     0.32 kB │ gzip:  0.23 kB │ map:   1.13 kB
dist/assets/folder-open-DlOBWdHj.js                                     0.33 kB │ gzip:  0.25 kB │ map:   0.98 kB
dist/assets/shield-check-R56NXBML.js                                    0.35 kB │ gzip:  0.27 kB │ map:   1.08 kB
dist/assets/link-BqQHVpOt.js                                            0.36 kB │ gzip:  0.27 kB │ map:   1.22 kB
dist/assets/shield-x-B9TrFwj9.js                                        0.39 kB │ gzip:  0.29 kB │ map:   1.15 kB
dist/assets/layout-dashboard-kWUR-SFt.js                                0.39 kB │ gzip:  0.24 kB │ map:   1.45 kB
dist/assets/i18n-jKrKyk9k.js                                            0.41 kB │ gzip:  0.28 kB │ map:   2.85 kB
dist/assets/dist-DWMB6fkM.js                                            0.45 kB │ gzip:  0.31 kB │ map:   1.93 kB
dist/assets/mail-YGID5C53.js                                            0.47 kB │ gzip:  0.32 kB │ map:   1.89 kB
dist/assets/navigation-6ADyeP5F.js                                      0.51 kB │ gzip:  0.34 kB │ map:   1.74 kB
dist/assets/status-badge-DSqhdU5m.js                                    0.63 kB │ gzip:  0.40 kB │ map:   1.53 kB
dist/assets/textarea-CfAinJys.js                                        0.68 kB │ gzip:  0.42 kB │ map:   1.16 kB
dist/assets/dev-link-w4DXEGu4.js                                        0.75 kB │ gzip:  0.46 kB │ map:   1.51 kB
dist/assets/api-xlbd-Tnu.js                                             0.89 kB │ gzip:  0.46 kB │ map:   4.14 kB
dist/assets/printer-CiiRAUtn.js                                         1.01 kB │ gzip:  0.54 kB │ map:   4.63 kB
dist/assets/sonner-4mQHFsna.js                                          1.31 kB │ gzip:  0.82 kB │ map:   5.91 kB
dist/assets/logo-DFtZYXcW.js                                            1.36 kB │ gzip:  0.80 kB │ map:   5.22 kB
dist/assets/auth-i8rdA3TF.js                                            1.54 kB │ gzip:  0.74 kB │ map:   3.98 kB
dist/assets/not-found-BNOHalAe.js                                       1.74 kB │ gzip:  0.92 kB │ map:   3.98 kB
dist/assets/label-DXlwRVWA.js                                           1.87 kB │ gzip:  0.96 kB │ map:   5.34 kB
dist/assets/dist-Bq3h8C77.js                                            2.12 kB │ gzip:  0.96 kB │ map:   8.26 kB
dist/assets/dialog-CKjOMDtA.js                                          2.16 kB │ gzip:  0.86 kB │ map:   6.06 kB
dist/assets/dist--LEUyQx5.js                                            2.73 kB │ gzip:  1.22 kB │ map:  27.68 kB
dist/assets/react-dom-DNCCrKFJ.js                                       3.58 kB │ gzip:  1.38 kB │ map:  12.84 kB
dist/assets/button-hHI87gh1.js                                          3.87 kB │ gzip:  1.69 kB │ map:  15.21 kB
dist/assets/new-request-u4SognNl.js                                     4.10 kB │ gzip:  1.63 kB │ map:  11.35 kB
dist/assets/dist-i9INSPK3.js                                            4.50 kB │ gzip:  1.99 kB │ map:  24.70 kB
dist/assets/profile-De6Atdvp.js                                         6.42 kB │ gzip:  2.36 kB │ map:  18.11 kB
dist/assets/dist-BSLNNt3u.js                                            6.65 kB │ gzip:  2.55 kB │ map:  28.15 kB
dist/assets/notifications-DzeBuvhE.js                                   6.95 kB │ gzip:  2.55 kB │ map:  19.77 kB
dist/assets/use-debounced-65ngb0IN.js                                   7.73 kB │ gzip:  3.09 kB │ map:  31.79 kB
dist/assets/dashboard-DJYhU1ql.js                                       7.76 kB │ gzip:  2.30 kB │ map:  16.83 kB
dist/assets/security-Cd9XZKtN.js                                        9.08 kB │ gzip:  2.98 kB │ map:  25.41 kB
dist/assets/layout-BOg3wFbZ.js                                          9.36 kB │ gzip:  3.08 kB │ map:  24.21 kB
dist/assets/inquiry-detail-CRjh2YYJ.js                                 10.71 kB │ gzip:  3.43 kB │ map:  27.78 kB
dist/assets/requests-raJIdTJP.js                                       14.13 kB │ gzip:  4.17 kB │ map:  37.26 kB
dist/assets/inquiries-CPhOdYS8.js                                      14.17 kB │ gzip:  3.92 kB │ map:  38.32 kB
dist/assets/request-detail-C0x-zFRE.js                                 15.13 kB │ gzip:  4.47 kB │ map:  38.76 kB
dist/assets/project-request-form-dPpw0_K_.js                           15.42 kB │ gzip:  5.13 kB │ map:  46.26 kB
dist/assets/es2015-93o4R5Um.js                                         20.15 kB │ gzip:  7.32 kB │ map: 111.56 kB
dist/assets/auth-B95lcRhl.js                                           21.02 kB │ gzip:  5.00 kB │ map:  60.51 kB
dist/assets/format-DtJnzn6n.js                                         30.81 kB │ gzip:  8.38 kB │ map: 185.53 kB
dist/assets/dist-CdrDPOxC.js                                           32.61 kB │ gzip:  9.16 kB │ map:  90.67 kB
dist/assets/portal-CFJzyvyO.js                                         45.84 kB │ gzip: 13.19 kB │ map:  77.53 kB
dist/assets/select-BoBwW0P0.js                                         49.56 kB │ gzip: 17.48 kB │ map: 248.72 kB
dist/assets/en-C7cTYv6T.js                                             66.98 kB │ gzip: 21.72 kB │ map:  91.90 kB
dist/assets/utils-BzuQystJ.js                                         130.49 kB │ gzip: 43.14 kB │ map: 705.90 kB
dist/assets/cms-udTEqJ1o.js                                           187.78 kB │ gzip: 54.78 kB │ map: 873.07 kB
dist/assets/index-DlezQ_AS.js                                         200.89 kB │ gzip: 64.16 kB │ map: 942.79 kB

✓ built in 1.18s
vite v8.2.2 building ssr environment for production...
transforming...
✓ 1736 modules transformed.
rendering chunks...
computing gzip size...
dist/server/.vite/manifest.json                               13.10 kB │ gzip:  1.68 kB
dist/server/assets/plus-CpjQofqx.js                            0.43 kB │ gzip:  0.31 kB │ map:   0.81 kB
dist/server/assets/loader-circle-m-nndzYL.js                   0.44 kB │ gzip:  0.31 kB │ map:   0.78 kB
dist/server/assets/message-circle-DDY5KXv_.js                  0.45 kB │ gzip:  0.32 kB │ map:   0.80 kB
dist/server/assets/data-CGWg9Y9l.js                            0.45 kB │ gzip:  0.31 kB │ map:   0.71 kB
dist/server/assets/message-square-BI8NE5ru.js                  0.48 kB │ gzip:  0.33 kB │ map:   0.83 kB
dist/server/assets/user-CsOhTarl.js                            0.48 kB │ gzip:  0.34 kB │ map:   0.89 kB
dist/server/assets/log-out-BIOpBisw.js                         0.54 kB │ gzip:  0.35 kB │ map:   0.97 kB
dist/server/assets/sonner-Dh_alR_3.js                          0.55 kB │ gzip:  0.34 kB │ map:   0.95 kB
dist/server/assets/globe-B56tgoGN.js                           0.55 kB │ gzip:  0.35 kB │ map:   1.00 kB
dist/server/assets/inbox-BvHawnTm.js                           0.57 kB │ gzip:  0.39 kB │ map:   0.99 kB
dist/server/assets/bell-WHKryWS2.js                            0.57 kB │ gzip:  0.40 kB │ map:   0.99 kB
dist/server/assets/send-dBNCl_kX.js                            0.57 kB │ gzip:  0.39 kB │ map:   0.99 kB
dist/server/assets/user-check-CjdRt4DD.js                      0.57 kB │ gzip:  0.37 kB │ map:   1.02 kB
dist/server/assets/folder-open-DJoNlEoz.js                     0.58 kB │ gzip:  0.38 kB │ map:   0.96 kB
dist/server/assets/search-x-DSdpPluw.js                        0.59 kB │ gzip:  0.37 kB │ map:   1.09 kB
dist/server/assets/file-plus-2-CT1HHK3L.js                     0.62 kB │ gzip:  0.38 kB │ map:   1.10 kB
dist/server/assets/shield-check-C7ynMaJi.js                    0.62 kB │ gzip:  0.41 kB │ map:   1.05 kB
dist/server/assets/message-circle-question-mark-Dpq_hi3H.js    0.63 kB │ gzip:  0.39 kB │ map:   1.11 kB
dist/server/assets/shield-x-B6btbXJ_.js                        0.67 kB │ gzip:  0.43 kB │ map:   1.13 kB
dist/server/assets/chevron-down-D8_rIuH0.js                    0.69 kB │ gzip:  0.34 kB │ map:   1.39 kB
dist/server/assets/chevron-right-fAIQOln7.js                   0.72 kB │ gzip:  0.34 kB │ map:   1.43 kB
dist/server/assets/arrow-right-Bbr5yEE4.js                     0.79 kB │ gzip:  0.38 kB │ map:   1.62 kB
dist/server/assets/textarea-B7wlRBMx.js                        0.84 kB │ gzip:  0.50 kB │ map:   1.05 kB
dist/server/assets/mail-L34J5A5n.js                            0.98 kB │ gzip:  0.48 kB │ map:   1.87 kB
dist/server/assets/status-badge-Dmgh7qiO.js                    1.04 kB │ gzip:  0.68 kB │ map:   1.40 kB
dist/server/assets/dev-link-ClAI7LeP.js                        1.10 kB │ gzip:  0.68 kB │ map:   1.38 kB
dist/server/assets/label-C6ahRrq_.js                           1.52 kB │ gzip:  0.69 kB │ map:   2.10 kB
dist/server/assets/api-2jPv8C2-.js                             1.71 kB │ gzip:  0.76 kB │ map:   3.99 kB
dist/server/assets/button-CJuUeDH0.js                          1.95 kB │ gzip:  0.87 kB │ map:   2.76 kB
dist/server/assets/printer-DF8hL24V.js                         2.26 kB │ gzip:  0.73 kB │ map:   4.62 kB
dist/server/assets/auth-D28VXq9Q.js                            2.29 kB │ gzip:  0.98 kB │ map:   3.90 kB
dist/server/assets/format-BoXu5eD7.js                          2.66 kB │ gzip:  1.28 kB │ map:   4.62 kB
dist/server/assets/dialog-e8Lxmu-e.js                          2.99 kB │ gzip:  0.98 kB │ map:   5.42 kB
dist/server/assets/use-debounced-BBPO300Z.js                   3.32 kB │ gzip:  1.38 kB │ map:   5.54 kB
dist/server/assets/select-CM3Ps60D.js                          5.18 kB │ gzip:  1.65 kB │ map:   8.81 kB
dist/server/assets/new-request-CkYlk86B.js                     6.37 kB │ gzip:  2.19 kB │ map:  10.17 kB
dist/server/assets/profile-e3TTESjQ.js                        10.63 kB │ gzip:  3.18 kB │ map:  16.68 kB
dist/server/assets/notifications-66l8R6tK.js                  11.36 kB │ gzip:  3.51 kB │ map:  18.06 kB
dist/server/assets/dashboard-DLzhp_ly.js                      11.53 kB │ gzip:  3.11 kB │ map:  15.40 kB
dist/server/assets/layout-BIL_vgRF.js                         13.47 kB │ gzip:  3.97 kB │ map:  22.13 kB
dist/server/assets/security-iwEaFCvC.js                       14.65 kB │ gzip:  3.98 kB │ map:  23.43 kB
dist/server/assets/inquiry-detail-DNuBZjGS.js                 16.88 kB │ gzip:  4.62 kB │ map:  25.27 kB
dist/server/assets/requests-B7TZu_6_.js                       22.65 kB │ gzip:  5.88 kB │ map:  33.87 kB
dist/server/assets/inquiries-B0y4_r4G.js                      23.50 kB │ gzip:  5.64 kB │ map:  34.59 kB
dist/server/assets/request-detail-B7VAmR4P.js                 24.41 kB │ gzip:  5.81 kB │ map:  35.18 kB
dist/server/assets/project-request-form-DYMw8zIi.js           25.97 kB │ gzip:  7.08 kB │ map:  43.40 kB
dist/server/assets/auth-DbjDAvlP.js                           34.10 kB │ gzip:  6.67 kB │ map:  56.42 kB
dist/server/assets/cms-BM-w8Dex.js                           104.20 kB │ gzip: 22.12 kB │ map: 168.49 kB
dist/server/entry-server.js                                  168.49 kB │ gzip: 47.77 kB │ map: 238.35 kB

✓ built in 306ms
