> so7ob-web@1.0.0 test:e2e
> playwright test

[WebServer] (node:149333) Warning: The 'NO_COLOR' env is ignored due to the 'FORCE_COLOR' env being set.
[WebServer] (Use `node --trace-warnings ...` to show where the warning was created)
[WebServer] (node:149534) Warning: The 'NO_COLOR' env is ignored due to the 'FORCE_COLOR' env being set.
[WebServer] (Use `node --trace-warnings ...` to show where the warning was created)

Running 26 tests using 1 worker

(node:149790) Warning: The 'NO_COLOR' env is ignored due to the 'FORCE_COLOR' env being set.
(Use `node --trace-warnings ...` to show where the warning was created)
  ✓   1 [desktop] › tests/e2e/auth-public.spec.ts:7:3 › ar: SSR, direct reload, language and authentication navigation (1.7s)
  ✓   2 [desktop] › tests/e2e/auth-public.spec.ts:22:3 › ar: login uses the server session and logout clears the local draft (1.5s)
  ✓   3 [desktop] › tests/e2e/auth-public.spec.ts:7:3 › en: SSR, direct reload, language and authentication navigation (1.4s)
  ✓   4 [desktop] › tests/e2e/auth-public.spec.ts:22:3 › en: login uses the server session and logout clears the local draft (1.2s)
  ✓   5 [desktop] › tests/e2e/auth-public.spec.ts:31:1 › registration and one-use verification use the encrypted outbox; no development link in production (1.1s)
  ✓   6 [desktop] › tests/e2e/auth-public.spec.ts:46:1 › 404 retains its actual HTTP status and published HTML carries SEO (542ms)
  ✓   7 [desktop] › tests/e2e/auth-public.spec.ts:51:1 › forgot/reset forms preserve one-use tokens and reject a mismatched confirmation (1.5s)
  ✓   8 [desktop] › tests/e2e/files-claims.spec.ts:48:1 › multipart uploads retain bytes, legacy errors and server file authorization (2.3s)
  ✓   9 [desktop] › tests/e2e/files-claims.spec.ts:203:1 › claim HTTP contracts bind the original email proof and charge malformed attempts before parsing (1.0s)
  ✓  10 [desktop] › tests/e2e/publication.spec.ts:6:1 › publication updates HTML and SEO immediately; redirects and page authorization survive direct requests (1.1s)
  ✓  11 [desktop] › tests/e2e/submissions.spec.ts:9:1 › the original public request form validates, preserves its draft and confirms a real persisted submission (4.6s)
  ✓  12 [desktop] › tests/e2e/submissions.spec.ts:76:1 › legacy and v1 account contracts enforce ownership, CSRF and field projection (762ms)
  ✓  13 [desktop] › tests/e2e/submissions.spec.ts:161:1 › conversation endpoints reject cross-account access, hide staff notes and serialize repeated replies (1.2s)
(node:150848) Warning: The 'NO_COLOR' env is ignored due to the 'FORCE_COLOR' env being set.
(Use `node --trace-warnings ...` to show where the warning was created)
  ✓  14 [mobile] › tests/e2e/auth-public.spec.ts:7:3 › ar: SSR, direct reload, language and authentication navigation (1.4s)
  ✓  15 [mobile] › tests/e2e/auth-public.spec.ts:22:3 › ar: login uses the server session and logout clears the local draft (1.2s)
  ✓  16 [mobile] › tests/e2e/auth-public.spec.ts:7:3 › en: SSR, direct reload, language and authentication navigation (1.3s)
  ✓  17 [mobile] › tests/e2e/auth-public.spec.ts:22:3 › en: login uses the server session and logout clears the local draft (1.2s)
  ✓  18 [mobile] › tests/e2e/auth-public.spec.ts:31:1 › registration and one-use verification use the encrypted outbox; no development link in production (1.1s)
  ✓  19 [mobile] › tests/e2e/auth-public.spec.ts:46:1 › 404 retains its actual HTTP status and published HTML carries SEO (526ms)
  ✓  20 [mobile] › tests/e2e/auth-public.spec.ts:51:1 › forgot/reset forms preserve one-use tokens and reject a mismatched confirmation (2.0s)
  ✓  21 [mobile] › tests/e2e/files-claims.spec.ts:48:1 › multipart uploads retain bytes, legacy errors and server file authorization (2.3s)
  ✓  22 [mobile] › tests/e2e/files-claims.spec.ts:203:1 › claim HTTP contracts bind the original email proof and charge malformed attempts before parsing (992ms)
  ✓  23 [mobile] › tests/e2e/publication.spec.ts:6:1 › publication updates HTML and SEO immediately; redirects and page authorization survive direct requests (1.0s)
  ✓  24 [mobile] › tests/e2e/submissions.spec.ts:9:1 › the original public request form validates, preserves its draft and confirms a real persisted submission (4.5s)
  ✓  25 [mobile] › tests/e2e/submissions.spec.ts:76:1 › legacy and v1 account contracts enforce ownership, CSRF and field projection (794ms)
  ✓  26 [mobile] › tests/e2e/submissions.spec.ts:161:1 › conversation endpoints reject cross-account access, hide staff notes and serialize repeated replies (1.1s)

  26 passed (44.3s)
